Flat data directory: E:\container_terminal\stacking\flat_full_yard_plan
Run output directory: E:\container_terminal\stacking\flat_full_yard_plan\full_plan_outputs\run_flat_20260519_212649

[1/2] Building flat-data large-plan inputs
planning_time: 2026-05-08 09:30:00
export_vessels: ['453334', '453400']
import_vessels: ['453886', '454063']
berth_by_vessel: {'453334': 'B3', '453400': 'B6', '453886': 'B4', '454063': 'B1'}
area_count: 158
flows: ['IF', 'IZ', 'OF', 'OZ', 'T']
demand20_total: 1139.0
demand40_total: 4501.0
capacity20_equiv_total: 61491.0
capacity20_direct_total: 58333.0
capacity40_total: 61240.0
bad_bay_count: 0
active_tops_rows: 424
old_vessels: []
of_work_lanes: {'453334': 3.0, '453400': 6.0, '453886': 0.0, '454063': 0.0}
of_area_limits: {'453334': 6.0, '453400': 12.0, '453886': 0.0, '454063': 0.0}

[1/2] Solving large plan with weighted objectives
Set parameter LicenseID to value 2791952
status: OPTIMAL
objective_value: 73649.57700583582
mip_gap: 0.0
runtime: 1.1440000534057617
objective_components: {'miss': 0.0, 'operation': 0.0, 'of_area': 11.0, 'distance': 2427.385900194527, 'distance_raw': 21498524.671428576, 'share': 5.0, 'adjustment': 0.0, 'balance': 288.0}
unmet20_total: 0
unmet40_total: 0
operation_overage_total: 0
of_area_overage_total: 11.0
area_share_overage_total: 5

[2/2] Building flat-data medium/small inputs
[2/2] Solving medium and small plans
[2026-05-19 21:27:36] medium SA start: iterations=30000, groups=6, boxes=2188
[2026-05-19 21:27:36] medium iter=0/30000 current=367.5911 best=367.5911 temp=80.0000 accepted=0
[2026-05-19 21:27:40] medium iter=1000/30000 current=345.5466 best=255.2966 temp=65.5171 accepted=847
[2026-05-19 21:27:44] medium iter=2000/30000 current=341.7561 best=255.2966 temp=53.6561 accepted=1710
[2026-05-19 21:27:48] medium iter=3000/30000 current=269.3165 best=255.2966 temp=43.9424 accepted=2560
[2026-05-19 21:27:51] medium iter=4000/30000 current=323.1799 best=249.8736 temp=35.9872 accepted=3379
[2026-05-19 21:27:56] medium iter=5000/30000 current=327.9738 best=249.8736 temp=29.4723 accepted=4203
[2026-05-19 21:27:59] medium iter=6000/30000 current=338.0698 best=249.8736 temp=24.1367 accepted=5027
[2026-05-19 21:28:03] medium iter=7000/30000 current=295.3072 best=249.8736 temp=19.7671 accepted=5801
[2026-05-19 21:28:07] medium iter=8000/30000 current=258.9279 best=249.1317 temp=16.1885 accepted=6583
[2026-05-19 21:28:10] medium iter=9000/30000 current=300.3340 best=247.9520 temp=13.2578 accepted=7251
[2026-05-19 21:28:14] medium iter=10000/30000 current=262.7836 best=247.9520 temp=10.8577 accepted=7975
[2026-05-19 21:28:18] medium iter=11000/30000 current=257.6918 best=247.9216 temp=8.8920 accepted=8609
[2026-05-19 21:28:22] medium iter=12000/30000 current=257.9341 best=247.9216 temp=7.2823 accepted=9259
[2026-05-19 21:28:26] medium iter=13000/30000 current=252.0430 best=247.6361 temp=5.9639 accepted=9879
[2026-05-19 21:28:30] medium iter=14000/30000 current=260.8233 best=246.8734 temp=4.8842 accepted=10463
[2026-05-19 21:28:34] medium iter=15000/30000 current=256.2820 best=246.8734 temp=4.0000 accepted=11009
[2026-05-19 21:28:37] medium iter=16000/30000 current=250.0657 best=246.8734 temp=3.2759 accepted=11564
[2026-05-19 21:28:42] medium iter=17000/30000 current=249.8977 best=246.8734 temp=2.6828 accepted=12070
[2026-05-19 21:28:45] medium iter=18000/30000 current=251.8494 best=246.5487 temp=2.1971 accepted=12587
[2026-05-19 21:28:49] medium iter=19000/30000 current=248.7120 best=246.5487 temp=1.7994 accepted=13039
[2026-05-19 21:28:53] medium iter=20000/30000 current=248.9107 best=246.5487 temp=1.4736 accepted=13492
[2026-05-19 21:28:58] medium iter=21000/30000 current=247.6539 best=245.4012 temp=1.2068 accepted=13942
[2026-05-19 21:29:02] medium iter=22000/30000 current=248.0740 best=245.4012 temp=0.9884 accepted=14378
[2026-05-19 21:29:05] medium iter=23000/30000 current=249.0667 best=245.4012 temp=0.8094 accepted=14778
[2026-05-19 21:29:09] medium iter=24000/30000 current=251.1820 best=245.4012 temp=0.6629 accepted=15170
[2026-05-19 21:29:13] medium iter=25000/30000 current=247.8719 best=245.4012 temp=0.5429 accepted=15515
[2026-05-19 21:29:17] medium iter=26000/30000 current=246.2834 best=245.4012 temp=0.4446 accepted=15843
[2026-05-19 21:29:20] medium iter=27000/30000 current=247.5169 best=245.4012 temp=0.3641 accepted=16142
[2026-05-19 21:29:24] medium iter=28000/30000 current=246.8281 best=245.3631 temp=0.2982 accepted=16430
[2026-05-19 21:29:28] medium iter=29000/30000 current=245.6532 best=245.2271 temp=0.2442 accepted=16676
[2026-05-19 21:29:32] medium iter=30000/30000 current=247.1499 best=245.2271 temp=0.2000 accepted=16945
[2026-05-19 21:29:32] finish iter=30000/30000 current=247.1499 best=245.2271 temp=0.2000 accepted=16945

Pipeline complete.
large_plan: E:\container_terminal\stacking\flat_full_yard_plan\full_plan_outputs\run_flat_20260519_212649\outputs_large\latest_run
medium_small_plan: E:\container_terminal\stacking\flat_full_yard_plan\full_plan_outputs\run_flat_20260519_212649\medium_small_plan
summary: E:\container_terminal\stacking\flat_full_yard_plan\full_plan_outputs\run_flat_20260519_212649\pipeline_summary.json
