Flat data directory: E:\container_terminal\stacking\flat_full_yard_plan
Run output directory: E:\container_terminal\stacking\flat_full_yard_plan\full_plan_outputs\run_flat_final_20260519_213214

[1/2] Building flat-data large-plan inputs
planning_time: 2026-05-08 09:30:00
export_vessels: ['453334', '453400']
import_vessels: ['453886', '454063']
berth_by_vessel: {'453334': 'B3', '453400': 'B6', '453886': 'B4', '454063': 'B1'}
area_count: 158
flows: ['IF', 'IZ', 'OF', 'OZ', 'T']
demand20_total: 1139.0
demand40_total: 4501.0
capacity20_equiv_total: 61491.0
capacity20_direct_total: 58333.0
capacity40_total: 61240.0
bad_bay_count: 0
active_tops_rows: 424
old_vessels: []
of_work_lanes: {'453334': 3.0, '453400': 6.0, '453886': 0.0, '454063': 0.0}
of_area_limits: {'453334': 6.0, '453400': 12.0, '453886': 0.0, '454063': 0.0}

[1/2] Solving large plan with weighted objectives
Set parameter LicenseID to value 2791952
status: OPTIMAL
objective_value: 73649.57700583582
mip_gap: 0.0
runtime: 1.0520000457763672
objective_components: {'miss': 0.0, 'operation': 0.0, 'of_area': 11.0, 'distance': 2427.385900194527, 'distance_raw': 21498524.671428576, 'share': 5.0, 'adjustment': 0.0, 'balance': 288.0}
unmet20_total: 0
unmet40_total: 0
operation_overage_total: 0
of_area_overage_total: 11.0
area_share_overage_total: 5

[2/2] Building flat-data medium/small inputs
[2/2] Solving medium and small plans
[2026-05-19 21:33:01] medium SA start: iterations=30000, groups=24, boxes=2188
[2026-05-19 21:33:01] medium iter=0/30000 current=496.6945 best=496.6945 temp=80.0000 accepted=0
[2026-05-19 21:33:06] medium iter=1000/30000 current=687.4358 best=465.5589 temp=65.5171 accepted=931
[2026-05-19 21:33:11] medium iter=2000/30000 current=705.1049 best=465.5589 temp=53.6561 accepted=1868
[2026-05-19 21:33:16] medium iter=3000/30000 current=734.3799 best=465.5589 temp=43.9424 accepted=2800
[2026-05-19 21:33:21] medium iter=4000/30000 current=705.9561 best=465.5589 temp=35.9872 accepted=3712
[2026-05-19 21:33:26] medium iter=5000/30000 current=690.6231 best=465.5589 temp=29.4723 accepted=4628
[2026-05-19 21:33:30] medium iter=6000/30000 current=722.2602 best=465.5589 temp=24.1367 accepted=5563
[2026-05-19 21:33:35] medium iter=7000/30000 current=725.4473 best=465.5589 temp=19.7671 accepted=6473
[2026-05-19 21:33:40] medium iter=8000/30000 current=709.4588 best=465.5589 temp=16.1885 accepted=7374
[2026-05-19 21:33:45] medium iter=9000/30000 current=717.9207 best=465.5589 temp=13.2578 accepted=8260
[2026-05-19 21:33:49] medium iter=10000/30000 current=716.8757 best=465.5589 temp=10.8577 accepted=9132
[2026-05-19 21:33:55] medium iter=11000/30000 current=648.9044 best=465.5589 temp=8.8920 accepted=9991
[2026-05-19 21:34:00] medium iter=12000/30000 current=649.2139 best=465.5589 temp=7.2823 accepted=10788
[2026-05-19 21:34:05] medium iter=13000/30000 current=630.9506 best=465.5589 temp=5.9639 accepted=11569
[2026-05-19 21:34:10] medium iter=14000/30000 current=634.9375 best=465.5589 temp=4.8842 accepted=12329
[2026-05-19 21:34:14] medium iter=15000/30000 current=672.3362 best=465.5589 temp=4.0000 accepted=13084
[2026-05-19 21:34:19] medium iter=16000/30000 current=629.9175 best=465.5589 temp=3.2759 accepted=13787
[2026-05-19 21:34:24] medium iter=17000/30000 current=617.6475 best=465.5589 temp=2.6828 accepted=14441
[2026-05-19 21:34:29] medium iter=18000/30000 current=601.2029 best=465.5589 temp=2.1971 accepted=15070
[2026-05-19 21:34:34] medium iter=19000/30000 current=586.1917 best=465.5589 temp=1.7994 accepted=15642
[2026-05-19 21:34:39] medium iter=20000/30000 current=562.8483 best=465.5589 temp=1.4736 accepted=16180
[2026-05-19 21:34:44] medium iter=21000/30000 current=540.7928 best=465.5589 temp=1.2068 accepted=16674
[2026-05-19 21:34:49] medium iter=22000/30000 current=539.9159 best=465.5589 temp=0.9884 accepted=17155
[2026-05-19 21:34:54] medium iter=23000/30000 current=503.4998 best=465.5589 temp=0.8094 accepted=17586
[2026-05-19 21:34:59] medium iter=24000/30000 current=482.1380 best=465.5589 temp=0.6629 accepted=18004
[2026-05-19 21:35:04] medium iter=25000/30000 current=473.5978 best=465.5589 temp=0.5429 accepted=18361
[2026-05-19 21:35:09] medium iter=26000/30000 current=459.4406 best=459.3086 temp=0.4446 accepted=18696
[2026-05-19 21:35:14] medium iter=27000/30000 current=457.2160 best=457.2160 temp=0.3641 accepted=19007
[2026-05-19 21:35:19] medium iter=28000/30000 current=441.1933 best=441.1933 temp=0.2982 accepted=19299
[2026-05-19 21:35:24] medium iter=29000/30000 current=429.5267 best=429.4073 temp=0.2442 accepted=19553
[2026-05-19 21:35:29] medium iter=30000/30000 current=428.2442 best=426.9160 temp=0.2000 accepted=19774
[2026-05-19 21:35:29] finish iter=30000/30000 current=428.2442 best=426.9160 temp=0.2000 accepted=19774

Pipeline complete.
large_plan: E:\container_terminal\stacking\flat_full_yard_plan\full_plan_outputs\run_flat_final_20260519_213214\outputs_large\latest_run
medium_small_plan: E:\container_terminal\stacking\flat_full_yard_plan\full_plan_outputs\run_flat_final_20260519_213214\medium_small_plan
summary: E:\container_terminal\stacking\flat_full_yard_plan\full_plan_outputs\run_flat_final_20260519_213214\pipeline_summary.json
