\BOOKMARK [1][-]{section.1}{\376\377\116\032\122\241\133\232\117\115}{}% 1
\BOOKMARK [1][-]{section.2}{\376\377\217\320\210\114\121\145\123\343\116\016\217\223\121\372}{}% 2
\BOOKMARK [2][-]{subsection.2.1}{\376\377\200\124\124\010\165\037\142\020\116\055\213\241\122\022\124\214\134\017\213\241\122\022}{section.2}% 3
\BOOKMARK [2][-]{subsection.2.2}{\376\377\176\331\133\232\131\026\220\350\116\055\213\241\122\022\124\016\165\037\142\020\134\017\213\241\122\022}{section.2}% 4
\BOOKMARK [1][-]{section.3}{\376\377\217\223\121\145\123\343\137\204}{}% 5
\BOOKMARK [2][-]{subsection.3.1}{\376\377\131\047\213\241\122\022}{section.3}% 6
\BOOKMARK [2][-]{subsection.3.2}{\376\377\130\006\127\072\137\353\161\147}{section.3}% 7
\BOOKMARK [2][-]{subsection.3.3}{\376\377\173\261\123\072\122\237\200\375\060\001\202\071\147\037\124\214\154\312\117\115\215\335\171\273}{section.3}% 8
\BOOKMARK [1][-]{section.4}{\376\377\227\000\154\102\176\304}{}% 9
\BOOKMARK [2][-]{subsection.4.1}{\376\377\174\227\134\136\140\047\176\304}{section.4}% 10
\BOOKMARK [2][-]{subsection.4.2}{\376\377\176\306\134\136\140\047\176\304}{section.4}% 11
\BOOKMARK [2][-]{subsection.4.3}{\376\377\230\204\155\113\121\134\136\225\176\304}{section.4}% 12
\BOOKMARK [1][-]{section.5}{\376\377\143\222\176\247\122\027}{}% 13
\BOOKMARK [1][-]{section.6}{\376\377\126\333\226\066\153\265\116\032\122\241\155\101\172\013}{}% 14
\BOOKMARK [1][-]{section.7}{\376\377\116\073\225\356\230\230\124\214\170\154\176\246\147\137}{}% 15
\BOOKMARK [1][-]{section.8}{\376\377\122\027\165\037\142\020\060\001\000d\000i\000v\000i\000n\000g\000\040\124\214\000\040\000r\000e\000p\000a\000i\000r}{}% 16
\BOOKMARK [1][-]{section.9}{\376\377\166\356\150\007\121\375\145\160}{}% 17
\BOOKMARK [2][-]{subsection.9.1}{\376\377\176\306\134\136\140\047\176\304\226\306\116\055}{section.9}% 18
\BOOKMARK [2][-]{subsection.9.2}{\376\377\174\227\134\136\140\047\176\304\226\306\116\055}{section.9}% 19
\BOOKMARK [2][-]{subsection.9.3}{\376\377\131\047\213\241\122\022\176\347\142\177}{section.9}% 20
\BOOKMARK [2][-]{subsection.9.4}{\376\377\154\312\117\115\215\335\171\273\124\214\117\134\116\032\172\227\123\343}{section.9}% 21
\BOOKMARK [1][-]{section.10}{\376\377\143\222\176\247\123\357\210\114\140\047\166\204\124\053\116\111}{}% 22
\BOOKMARK [1][-]{section.11}{\376\377\116\055\213\241\122\022\124\214\134\017\213\241\122\022\166\204\116\000\201\364\140\047}{}% 23
\BOOKMARK [1][-]{section.12}{\376\377\213\312\145\255\133\127\153\265}{}% 24
\BOOKMARK [1][-]{section.13}{\376\377\116\073\211\201\123\302\145\160}{}% 25
