\BOOKMARK [1][-]{section.1}{\376\377\140\073\117\123\213\364\146\016}{}% 1
\BOOKMARK [1][-]{section.2}{\376\377\116\343\170\001\145\207\116\366}{}% 2
\BOOKMARK [1][-]{section.3}{\376\377\217\223\121\145\116\016\127\372\170\100\123\343\137\204}{}% 3
\BOOKMARK [2][-]{subsection.3.1}{\376\377\131\047\213\241\122\022\217\223\121\145}{section.3}% 4
\BOOKMARK [2][-]{subsection.3.2}{\376\377\130\006\127\072\116\016\117\134\116\032\217\223\121\145}{section.3}% 5
\BOOKMARK [1][-]{section.4}{\376\377\174\227\134\136\140\047\176\304\116\016\176\306\134\136\140\047\176\304}{}% 6
\BOOKMARK [2][-]{subsection.4.1}{\376\377\174\227\134\136\140\047\176\304}{section.4}% 7
\BOOKMARK [2][-]{subsection.4.2}{\376\377\176\306\134\136\140\047\176\304}{section.4}% 8
\BOOKMARK [2][-]{subsection.4.3}{\376\377\230\204\155\113\121\134\136\225\176\304}{section.4}% 9
\BOOKMARK [1][-]{section.5}{\376\377\173\261\221\317\213\241\173\227}{}% 10
\BOOKMARK [2][-]{subsection.5.1}{\376\377\116\055\213\241\122\022\173\261\221\317}{section.5}% 11
\BOOKMARK [2][-]{subsection.5.2}{\376\377\134\017\213\241\122\022\173\261\221\317}{section.5}% 12
\BOOKMARK [2][-]{subsection.5.3}{\376\377\122\027\165\037\142\020\121\205\220\350\227\000\154\102\176\304}{section.5}% 13
\BOOKMARK [1][-]{section.6}{\376\377\122\027\133\232\116\111}{}% 14
\BOOKMARK [1][-]{section.7}{\376\377\116\032\122\241\154\102\211\343\155\101\172\013}{}% 15
\BOOKMARK [1][-]{section.8}{\376\377\152\041\127\213\176\246\147\137\116\016\122\027\165\037\142\020}{}% 16
\BOOKMARK [2][-]{subsection.8.1}{\376\377\134\100\220\350\221\315\143\222\000\040\000L\000N\000S}{section.8}% 17
\BOOKMARK [1][-]{section.9}{\376\377\166\356\150\007\121\375\145\160}{}% 18
\BOOKMARK [2][-]{subsection.9.1}{\376\377\176\306\134\136\140\047\176\304\226\306\116\055}{section.9}% 19
\BOOKMARK [2][-]{subsection.9.2}{\376\377\124\014\173\261\123\072\121\205\174\227\134\136\140\047\176\304\226\306\116\055}{section.9}% 20
\BOOKMARK [2][-]{subsection.9.3}{\376\377\174\227\134\136\140\047\176\304\173\261\123\072\226\306\116\055\116\016\127\107\210\141}{section.9}% 21
\BOOKMARK [2][-]{subsection.9.4}{\376\377\140\073\166\204\131\047\213\241\122\022\173\261\123\072\152\041\137\017\120\117\171\273}{section.9}% 22
\BOOKMARK [2][-]{subsection.9.5}{\376\377\131\047\213\241\122\022\176\347\142\177\134\102\176\247}{section.9}% 23
\BOOKMARK [2][-]{subsection.9.6}{\376\377\154\312\117\115\215\335\171\273\116\016\117\134\116\032\172\227\123\343}{section.9}% 24
\BOOKMARK [1][-]{section.10}{\376\377\200\124\124\010\165\037\142\020\217\223\121\372\220\073\217\221}{}% 25
\BOOKMARK [2][-]{subsection.10.1}{\376\377\134\017\213\241\122\022\217\223\121\372}{section.10}% 26
\BOOKMARK [2][-]{subsection.10.2}{\376\377\116\055\213\241\122\022\217\223\121\372}{section.10}% 27
\BOOKMARK [2][-]{subsection.10.3}{\376\377\121\166\116\326\217\223\121\372}{section.10}% 28
\BOOKMARK [1][-]{section.11}{\376\377\131\026\220\350\116\055\213\241\122\022\217\223\121\145\145\366\166\204\134\017\213\241\122\022\165\037\142\020}{}% 29
\BOOKMARK [1][-]{section.12}{\376\377\217\320\210\114\121\145\123\343}{}% 30
\BOOKMARK [1][-]{section.13}{\376\377\227\000\154\102\152\041\137\017\123\302\145\160}{}% 31
\BOOKMARK [1][-]{section.14}{\376\377\116\073\211\201\124\175\116\344\210\114\123\302\145\160}{}% 32
