\BOOKMARK [1][-]{section.1}{\376\377\140\073\117\123\213\364\146\016}{}% 1
\BOOKMARK [1][-]{section.2}{\376\377\116\343\170\001\145\207\116\366}{}% 2
\BOOKMARK [1][-]{section.3}{\376\377\217\223\121\145\123\343\137\204}{}% 3
\BOOKMARK [2][-]{subsection.3.1}{\376\377\145\160\143\156\166\356\137\125}{section.3}% 4
\BOOKMARK [2][-]{subsection.3.2}{\376\377\131\047\213\241\122\022}{section.3}% 5
\BOOKMARK [2][-]{subsection.3.3}{\376\377\130\006\127\072\133\271\221\317}{section.3}% 6
\BOOKMARK [2][-]{subsection.3.4}{\376\377\000T\000O\000P\000S\000\040\116\016\225\031\145\076\215\035\117\115}{section.3}% 7
\BOOKMARK [1][-]{section.4}{\376\377\116\055\213\241\122\022\227\000\154\102}{}% 8
\BOOKMARK [2][-]{subsection.4.1}{\376\377\174\227\134\136\140\047\176\304}{section.4}% 9
\BOOKMARK [2][-]{subsection.4.2}{\376\377\211\304\122\022\226\066\153\265\116\016\153\324\117\213}{section.4}% 10
\BOOKMARK [2][-]{subsection.4.3}{\376\377\230\204\155\113\060\001\215\104\145\231\173\261\060\001\127\050\127\072\173\261\124\214\131\047\213\241\122\022\116\012\226\120}{section.4}% 11
\BOOKMARK [1][-]{section.5}{\376\377\134\017\213\241\122\022\215\104\145\231\173\261}{}% 12
\BOOKMARK [1][-]{section.6}{\376\377\116\055\213\241\122\022\152\041\127\213}{}% 13
\BOOKMARK [2][-]{subsection.6.1}{\376\377\123\330\221\317\116\016\170\154\176\246\147\137}{section.6}% 14
\BOOKMARK [2][-]{subsection.6.2}{\376\377\122\035\131\313\211\343}{section.6}% 15
\BOOKMARK [2][-]{subsection.6.3}{\376\377\116\055\134\017\213\241\122\022\176\323\147\204\123\026\123\315\231\210}{section.6}% 16
\BOOKMARK [2][-]{subsection.6.4}{\376\377\152\041\142\337\220\000\160\153}{section.6}% 17
\BOOKMARK [2][-]{subsection.6.5}{\376\377\116\055\213\241\122\022\166\356\150\007}{section.6}% 18
\BOOKMARK [1][-]{section.7}{\376\377\134\017\213\241\122\022\147\204\220\040}{}% 19
\BOOKMARK [2][-]{subsection.7.1}{\376\377\116\045\150\074\176\347\142\177}{section.7}% 20
\BOOKMARK [2][-]{subsection.7.2}{\376\377\000D\000i\000r\000e\000c\000t\000\040\000r\000e\000p\000a\000i\000r}{section.7}% 21
\BOOKMARK [2][-]{subsection.7.3}{\376\377\215\035\117\115\170\154\176\246\147\137}{section.7}% 22
\BOOKMARK [2][-]{subsection.7.4}{\376\377\215\035\117\115\120\117\131\175}{section.7}% 23
\BOOKMARK [1][-]{section.8}{\376\377\217\223\121\372}{}% 24
\BOOKMARK [1][-]{section.9}{\376\377\116\073\211\201\123\302\145\160}{}% 25
\BOOKMARK [1][-]{section.10}{\376\377\217\320\210\114\171\072\117\213}{}% 26
